V3 7
FL C:/Users/Jason/Repos/CountBtnI/src/CountBtnI.vhd 2011/08/24.20:08:19 O.61xd
EN work/CountBtnI 1314241912 FL C:/Users/Jason/Repos/CountBtnI/src/CountBtnI.vhd \
      PB ieee/std_logic_1164 1308643377 PB ieee/STD_LOGIC_UNSIGNED 1308643379
AR work/CountBtnI/Behavioral 1314241913 \
      FL C:/Users/Jason/Repos/CountBtnI/src/CountBtnI.vhd EN work/CountBtnI 1314241912 \
      CP debounce
FL C:/Users/Jason/Repos/CountBtnI/src/debounce.vhd 2011/08/24.19:50:01 O.61xd
EN work/debounce 1314241910 FL C:/Users/Jason/Repos/CountBtnI/src/debounce.vhd \
      PB ieee/std_logic_1164 1308643377 PB ieee/STD_LOGIC_UNSIGNED 1308643379
AR work/debounce/Behavioral 1314241911 \
      FL C:/Users/Jason/Repos/CountBtnI/src/debounce.vhd EN work/debounce 1314241910
